// Jest Snapshot v1, https://goo.gl/fbAQLP

exports[`lazily evaluates a state initializer function 1`] = `
Object {
  "actions": undefined,
  "get": 5,
  "getSerialized": "5",
  "self": Object {
    "focus": [Function],
    "get": [Function],
    "map": [Function],
    "set": [Function],
    "subscribe": [Function],
    "update": [Function],
    "value": 5,
    "watch": [Function],
    Symbol(): Object {
      "atom": [Circular],
      "get": [Function],
      "isStream": false,
      "listeners": Set {},
      "set": [Function],
      "subscribe": [Function],
    },
  },
  "selfSerialized": "{\\"value\\":5}",
}
`;
