// Jest Snapshot v1, https://goo.gl/fbAQLP

exports[`creates a derived atom using the same atom using selectors 1`] = `
Object {
  "actions": undefined,
  "get": 8,
  "getSerialized": "8",
  "self": Object {
    "actions": undefined,
    "focus": [Function],
    "get": [Function],
    "map": [Function],
    "set": [Function],
    "subscribe": [Function],
    "update": [Function],
    "value": 8,
    "watch": [Function],
    Symbol(): Object {
      "atom": [Circular],
      "get": [Function],
      "isStream": false,
      "listeners": Set {},
      "set": [Function],
      "subscribe": [Function],
      "track": true,
    },
  },
  "selfSerialized": "{\\"value\\":8}",
}
`;
